WARN: JP-CLINS package not detected — --allow-legacy was passed, so
  the run will continue with legacy 5-digit JLAC10 OID output.
  Output will NOT be JP-CLINS eCS compliant. Downstream validators
  (jp_clins_lab_compliance axis) will surface Outcome.NA rather than PASS.
clinosim generate: population=10000, seed=2532, country=JP, period=2025-09-20~2026-09-20
  JP insurance numbers (被保険者番号): on
  Log: /home/ubuntu/boot11_jp_p10000_s2532/simulator.log
  Hospital: 50 beds
  Population: 10000 persons
  Life events: 635 total, 602 requiring hospital
  Simulating inpatient 50/602 (concurrent=35, bed_occ=99%)...
  Simulating inpatient 100/602 (concurrent=22, bed_occ=73%)...
  Simulating inpatient 150/602 (concurrent=20, bed_occ=69%)...
  Simulating inpatient 200/602 (concurrent=28, bed_occ=85%)...
  Simulating inpatient 250/602 (concurrent=27, bed_occ=83%)...
  Simulating inpatient 300/602 (concurrent=24, bed_occ=77%)...
  Simulating inpatient 350/602 (concurrent=29, bed_occ=87%)...
  Simulating inpatient 400/602 (concurrent=29, bed_occ=87%)...
  Simulating inpatient 450/602 (concurrent=31, bed_occ=91%)...
  Simulating inpatient 500/602 (concurrent=23, bed_occ=75%)...
  Simulating inpatient 550/602 (concurrent=22, bed_occ=73%)...
  Simulating inpatient 600/602 (concurrent=23, bed_occ=63%)...
  Simulating inpatient 602/602 (concurrent=22, bed_occ=61%)...
  Inpatient done: 591 records (peak concurrent: 22)
  Readmissions done: 80 evaluated
  Healthcare calendar: 28523 events for population
  Outpatient done: 536 post-discharge + 27697 calendar
  ED visits (not admitted): 1595 generated

==================================================
  clinosim generation complete
==================================================
  Total records:  30572
    Inpatient:    832 (79 readmissions)
    Outpatient:   28200
    Deceased:     32
  Data volume:
    Lab results:  169,937
    Vital signs:  148,647
    MAR entries:  160,460
    I/O records:  9,874
    Orders:       210,915

  Disease distribution (inpatient):
    copd_exacerbation               125  (LOS avg 12.0d)
    urinary_tract_infection          87  (LOS avg 12.4d)
    Z37.0                            81  (LOS avg -1.0d)
    Z38.0                            81  (LOS avg -1.0d)
    heart_failure_exacerbation       69  (LOS avg 17.7d)
    asthma_exacerbation              68  (LOS avg 8.9d)
    bacterial_pneumonia              56  (LOS avg 13.9d)
    cerebral_infarction              46  (LOS avg 22.9d)
    diabetic_ketoacidosis            37  (LOS avg 13.0d)
    hip_fracture                     31  (LOS avg 28.4d)

  Output: /home/ubuntu/boot11_jp_p10000_s2532/
